// Jest Snapshot v1, https://goo.gl/fbAQLP

exports[`asset-size-reporter compare reporter reports results as text by default 1`] = `
"[dist/deleted-file-inside-dist.js]: 4.24 kB / 42 B gzip (deleted file)
dist/file-inside-dist.js: 1.27 kB -> 1.85 kB (+580 B) / 144 B -> 377 B (+233 B) gzip
dist/foo/nested-file-inside-dist.js: 3.08 kB / 636 B gzip
dist/text-file-in-dist.txt: 3.94 kB / 636 B gzip (new file)

Total: 8.59 kB -> 8.87 kB (+275 B) / 822 B -> 1.65 kB (+827 B) gzip"
`;

exports[`asset-size-reporter compare reporter supports \`gzip: false\` 1`] = `
"dist/file-inside-dist.js: 1.27 kB -> 1.85 kB (+580 B)
dist/foo/nested-file-inside-dist.js: 32.1 kB -> 3.08 kB (-29 kB)

Total: 33.4 kB -> 4.93 kB (-28.4 kB)"
`;

exports[`asset-size-reporter text reporter reports results as text by default 1`] = `
"dist/file-inside-dist.js: 1.85 kB / 377 B gzip
dist/foo/nested-file-inside-dist.js: 3.08 kB / 636 B gzip

Total: 4.93 kB / 1.01 kB gzip"
`;

exports[`asset-size-reporter text reporter supports \`gzip: false\` 1`] = `
"dist/file-inside-dist.js: 1.85 kB
dist/foo/nested-file-inside-dist.js: 3.08 kB

Total: 4.93 kB"
`;
